Archive member included to satisfy reference by file (symbol)

/usr/lib/gcc/arm-none-eabi/10.3.1/thumb/v7-m/nofp/libgcc.a(_arm_mulsf3.o)
                              build/main.o (__aeabi_fmul)
/usr/lib/gcc/arm-none-eabi/10.3.1/thumb/v7-m/nofp/libgcc.a(_arm_addsubsf3.o)
                              build/main.o (__aeabi_fsub)
/usr/lib/gcc/arm-none-eabi/10.3.1/thumb/v7-m/nofp/libgcc.a(_arm_cmpsf2.o)
                              build/main.o (__aeabi_fcmpeq)
/usr/lib/gcc/arm-none-eabi/10.3.1/thumb/v7-m/nofp/libgcc.a(_arm_fixsfsi.o)
                              build/main.o (__aeabi_f2iz)
/usr/lib/gcc/arm-none-eabi/10.3.1/../../../arm-none-eabi/lib/thumb/v7-m/nofp/libc_nano.a(lib_a-atexit.o)
                              /usr/lib/gcc/arm-none-eabi/10.3.1/../../../arm-none-eabi/lib/thumb/v7-m/nofp/crt0.o (atexit)
/usr/lib/gcc/arm-none-eabi/10.3.1/../../../arm-none-eabi/lib/thumb/v7-m/nofp/libc_nano.a(lib_a-exit.o)
                              /usr/lib/gcc/arm-none-eabi/10.3.1/../../../arm-none-eabi/lib/thumb/v7-m/nofp/crt0.o (exit)
/usr/lib/gcc/arm-none-eabi/10.3.1/../../../arm-none-eabi/lib/thumb/v7-m/nofp/libc_nano.a(lib_a-fini.o)
                              /usr/lib/gcc/arm-none-eabi/10.3.1/../../../arm-none-eabi/lib/thumb/v7-m/nofp/crt0.o (__libc_fini_array)
/usr/lib/gcc/arm-none-eabi/10.3.1/../../../arm-none-eabi/lib/thumb/v7-m/nofp/libc_nano.a(lib_a-impure.o)
                              /usr/lib/gcc/arm-none-eabi/10.3.1/../../../arm-none-eabi/lib/thumb/v7-m/nofp/libc_nano.a(lib_a-exit.o) (_global_impure_ptr)
/usr/lib/gcc/arm-none-eabi/10.3.1/../../../arm-none-eabi/lib/thumb/v7-m/nofp/libc_nano.a(lib_a-init.o)
                              /usr/lib/gcc/arm-none-eabi/10.3.1/../../../arm-none-eabi/lib/thumb/v7-m/nofp/crt0.o (__libc_init_array)
/usr/lib/gcc/arm-none-eabi/10.3.1/../../../arm-none-eabi/lib/thumb/v7-m/nofp/libc_nano.a(lib_a-memcpy.o)
                              build/protocol.o (memcpy)
/usr/lib/gcc/arm-none-eabi/10.3.1/../../../arm-none-eabi/lib/thumb/v7-m/nofp/libc_nano.a(lib_a-memset.o)
                              /usr/lib/gcc/arm-none-eabi/10.3.1/../../../arm-none-eabi/lib/thumb/v7-m/nofp/crt0.o (memset)
/usr/lib/gcc/arm-none-eabi/10.3.1/../../../arm-none-eabi/lib/thumb/v7-m/nofp/libc_nano.a(lib_a-__atexit.o)
                              /usr/lib/gcc/arm-none-eabi/10.3.1/../../../arm-none-eabi/lib/thumb/v7-m/nofp/libc_nano.a(lib_a-atexit.o) (__register_exitproc)
/usr/lib/gcc/arm-none-eabi/10.3.1/../../../arm-none-eabi/lib/thumb/v7-m/nofp/libc_nano.a(lib_a-__call_atexit.o)
                              /usr/lib/gcc/arm-none-eabi/10.3.1/../../../arm-none-eabi/lib/thumb/v7-m/nofp/libc_nano.a(lib_a-__atexit.o) (__call_exitprocs)
/usr/lib/gcc/arm-none-eabi/10.3.1/../../../arm-none-eabi/lib/thumb/v7-m/nofp/libnosys.a(_exit.o)
                              /usr/lib/gcc/arm-none-eabi/10.3.1/../../../arm-none-eabi/lib/thumb/v7-m/nofp/libc_nano.a(lib_a-exit.o) (_exit)

Discarded input sections

 .text          0x0000000000000000        0x0 /usr/lib/gcc/arm-none-eabi/10.3.1/thumb/v7-m/nofp/crti.o
 .data          0x0000000000000000        0x0 /usr/lib/gcc/arm-none-eabi/10.3.1/thumb/v7-m/nofp/crti.o
 .bss           0x0000000000000000        0x0 /usr/lib/gcc/arm-none-eabi/10.3.1/thumb/v7-m/nofp/crti.o
 .text          0x0000000000000000       0x88 /usr/lib/gcc/arm-none-eabi/10.3.1/thumb/v7-m/nofp/crtbegin.o
 .data          0x0000000000000000        0x4 /usr/lib/gcc/arm-none-eabi/10.3.1/thumb/v7-m/nofp/crtbegin.o
 .bss           0x0000000000000000       0x1c /usr/lib/gcc/arm-none-eabi/10.3.1/thumb/v7-m/nofp/crtbegin.o
 .rodata        0x0000000000000000       0x24 /usr/lib/gcc/arm-none-eabi/10.3.1/thumb/v7-m/nofp/crtbegin.o
 .init_array    0x0000000000000000        0x4 /usr/lib/gcc/arm-none-eabi/10.3.1/thumb/v7-m/nofp/crtbegin.o
 .fini_array    0x0000000000000000        0x4 /usr/lib/gcc/arm-none-eabi/10.3.1/thumb/v7-m/nofp/crtbegin.o
 .eh_frame      0x0000000000000000        0x0 /usr/lib/gcc/arm-none-eabi/10.3.1/thumb/v7-m/nofp/crtbegin.o
 .tm_clone_table
                0x0000000000000000        0x0 /usr/lib/gcc/arm-none-eabi/10.3.1/thumb/v7-m/nofp/crtbegin.o
 .comment       0x0000000000000000       0x34 /usr/lib/gcc/arm-none-eabi/10.3.1/thumb/v7-m/nofp/crtbegin.o
 .ARM.attributes
                0x0000000000000000       0x2d /usr/lib/gcc/arm-none-eabi/10.3.1/thumb/v7-m/nofp/crtbegin.o
 .text          0x0000000000000000       0x70 /usr/lib/gcc/arm-none-eabi/10.3.1/../../../arm-none-eabi/lib/thumb/v7-m/nofp/crt0.o
 .data          0x0000000000000000        0x0 /usr/lib/gcc/arm-none-eabi/10.3.1/../../../arm-none-eabi/lib/thumb/v7-m/nofp/crt0.o
 .bss           0x0000000000000000        0x0 /usr/lib/gcc/arm-none-eabi/10.3.1/../../../arm-none-eabi/lib/thumb/v7-m/nofp/crt0.o
 .ARM.extab     0x0000000000000000        0x0 /usr/lib/gcc/arm-none-eabi/10.3.1/../../../arm-none-eabi/lib/thumb/v7-m/nofp/crt0.o
[...]
Memory Configuration

Name             Origin             Length             Attributes
FLASH            0x0000000008000000 0x0000000000010000 xr
RAM              0x0000000020000000 0x0000000000005000 xrw
*default*        0x0000000000000000 0xffffffffffffffff

Linker script and memory map

LOAD /usr/lib/gcc/arm-none-eabi/10.3.1/thumb/v7-m/nofp/crti.o
LOAD /usr/lib/gcc/arm-none-eabi/10.3.1/thumb/v7-m/nofp/crtbegin.o
LOAD /usr/lib/gcc/arm-none-eabi/10.3.1/../../../arm-none-eabi/lib/thumb/v7-m/nofp/crt0.o
LOAD build/main.o
LOAD build/motor.o
LOAD build/bsp_delay.o
LOAD build/bsp_usart.o
LOAD build/encoder.o
LOAD build/protocol.o
LOAD build/stm32f10x_it.o
LOAD build/system_stm32f10x.o
LOAD build/stm32f10x_gpio.o
LOAD build/stm32f10x_rcc.o
LOAD build/stm32f10x_tim.o
LOAD build/stm32f10x_usart.o
LOAD build/misc.o
LOAD build/startup_stm32f10x_md.o
START GROUP
LOAD /usr/lib/gcc/arm-none-eabi/10.3.1/thumb/v7-m/nofp/libgcc.a
LOAD /usr/lib/gcc/arm-none-eabi/10.3.1/../../../arm-none-eabi/lib/thumb/v7-m/nofp/libc_nano.a
END GROUP
START GROUP
LOAD /usr/lib/gcc/arm-none-eabi/10.3.1/thumb/v7-m/nofp/libgcc.a
LOAD /usr/lib/gcc/arm-none-eabi/10.3.1/../../../arm-none-eabi/lib/thumb/v7-m/nofp/libc_nano.a
LOAD /usr/lib/gcc/arm-none-eabi/10.3.1/../../../arm-none-eabi/lib/thumb/v7-m/nofp/libnosys.a
END GROUP
START GROUP
LOAD /usr/lib/gcc/arm-none-eabi/10.3.1/thumb/v7-m/nofp/libgcc.a
LOAD /usr/lib/gcc/arm-none-eabi/10.3.1/../../../arm-none-eabi/lib/thumb/v7-m/nofp/libc_nano.a
LOAD /usr/lib/gcc/arm-none-eabi/10.3.1/../../../arm-none-eabi/lib/thumb/v7-m/nofp/libnosys.a
END GROUP
LOAD /usr/lib/gcc/arm-none-eabi/10.3.1/thumb/v7-m/nofp/crtend.o
LOAD /usr/lib/gcc/arm-none-eabi/10.3.1/thumb/v7-m/nofp/crtn.o
                0x0000000020005000                _estack = (ORIGIN (RAM) + LENGTH (RAM))
                0x0000000000000200                _Min_Heap_Size = 0x200
                0x0000000000000400                _Min_Stack_Size = 0x400

.isr_vector     0x0000000008000000      0x10c
                0x0000000008000000                . = ALIGN (0x4)
 *(.isr_vector)
 .isr_vector    0x0000000008000000      0x10c build/startup_stm32f10x_md.o
                0x0000000008000000                g_pfnVectors
                0x000000000800010c                . = ALIGN (0x4)

.text           0x000000000800010c     0x1c20
                0x000000000800010c                . = ALIGN (0x4)
 *(.text)
 .text          0x000000000800010c      0x168 /usr/lib/gcc/arm-none-eabi/10.3.1/thumb/v7-m/nofp/libgcc.a(_arm_mulsf3.o)
                0x000000000800010c                __mulsf3
                0x000000000800010c                __aeabi_fmul
 .text          0x0000000008000274      0x21c /usr/lib/gcc/arm-none-eabi/10.3.1/thumb/v7-m/nofp/libgcc.a(_arm_addsubsf3.o)
                0x0000000008000274                __aeabi_frsub
                0x000000000800027c                __subsf3
                0x000000000800027c                __aeabi_fsub
                0x0000000008000280                __aeabi_fadd
                0x0000000008000280                __addsf3
                0x00000000080003e0                __aeabi_ui2f
                0x00000000080003e0                __floatunsisf
                0x00000000080003e8                __aeabi_i2f
                0x00000000080003e8                __floatsisf
                0x0000000008000404                __floatundisf
                0x0000000008000404                __aeabi_ul2f
                0x0000000008000414                __floatdisf
                0x0000000008000414                __aeabi_l2f
 .text          0x0000000008000490       0xec /usr/lib/gcc/arm-none-eabi/10.3.1/thumb/v7-m/nofp/libgcc.a(_arm_cmpsf2.o)
                0x0000000008000490                __gtsf2
                0x0000000008000490                __gesf2
                0x0000000008000498                __lesf2
                0x0000000008000498                __ltsf2
                0x00000000080004a0                __nesf2
                0x00000000080004a0                __eqsf2
                0x00000000080004a0                __cmpsf2
                0x0000000008000500                __aeabi_cfrcmple
                0x0000000008000508                __aeabi_cfcmple
                0x0000000008000508                __aeabi_cfcmpeq
                0x0000000008000518                __aeabi_fcmpeq
                0x000000000800052c                __aeabi_fcmplt
                0x0000000008000540                __aeabi_fcmple
                0x0000000008000554                __aeabi_fcmpge
                0x0000000008000568                __aeabi_fcmpgt
 .text          0x000000000800057c       0x4c /usr/lib/gcc/arm-none-eabi/10.3.1/thumb/v7-m/nofp/libgcc.a(_arm_fixsfsi.o)
                0x000000000800057c                __fixsfsi
                0x000000000800057c                __aeabi_f2iz
 .text          0x00000000080005c8       0xec /usr/lib/gcc/arm-none-eabi/10.3.1/../../../arm-none-eabi/lib/thumb/v7-m/nofp/libc_nano.a(lib_a-memcpy.o)
                0x00000000080005c8                memcpy
 *(.text*)
 .text.vel_to_pwm
                0x00000000080006b4       0xa8 build/main.o
 .text.set_motors
                0x000000000800075c       0x46 build/main.o
 .text.main     0x00000000080007a2      0x12c build/main.o
                0x00000000080007a2                main
 *fill*         0x00000000080008ce        0x2 
 .text.motor_init
                0x00000000080008d0      0x134 build/motor.o
                0x00000000080008d0                motor_init
 .text.motor_set
                0x0000000008000a04       0xcc build/motor.o
                0x0000000008000a04                motor_set
 .text.bsp_delay_init
                0x0000000008000ad0       0x20 build/bsp_delay.o
                0x0000000008000ad0                bsp_delay_init
 .text.bsp_delay_us
                0x0000000008000af0       0x5c build/bsp_delay.o
                0x0000000008000af0                bsp_delay_us
 .text.bsp_delay_ms
                0x0000000008000b4c       0x16 build/bsp_delay.o
                0x0000000008000b4c                bsp_delay_ms
 *fill*         0x0000000008000b62        0x2 
 .text.bsp_delay_get_ms
                0x0000000008000b64       0x18 build/bsp_delay.o
                0x0000000008000b64                bsp_delay_get_ms
 .text.uart_rx_put
                0x0000000008000b7c       0x3c build/bsp_usart.o
                0x0000000008000b7c                uart_rx_put
 .text.uart_rx_get
                0x0000000008000bb8       0x3c build/bsp_usart.o
                0x0000000008000bb8                uart_rx_get
 .text.bsp_usart2_init
                0x0000000008000bf4       0xb4 build/bsp_usart.o
                0x0000000008000bf4                bsp_usart2_init
 .text.encoder_init
                0x0000000008000ca8      0x178 build/encoder.o
                0x0000000008000ca8                encoder_init
 .text.encoder_update
                0x0000000008000e20       0x84 build/encoder.o
                0x0000000008000e20                encoder_update
 .text.encoder_get_left_speed
                0x0000000008000ea4        0xc build/encoder.o
                0x0000000008000ea4                encoder_get_left_speed
 .text.encoder_get_right_speed
                0x0000000008000eb0        0xc build/encoder.o
                0x0000000008000eb0                encoder_get_right_speed
 .text.encoder_get_left_total
                0x0000000008000ebc        0xc build/encoder.o
                0x0000000008000ebc                encoder_get_left_total
 .text.encoder_get_right_total
                0x0000000008000ec8        0xc build/encoder.o
                0x0000000008000ec8                encoder_get_right_total
 .text.crc16_ccitt
                0x0000000008000ed4       0x40 build/protocol.o
 .text.uart_send_byte
                0x0000000008000f14       0x1c build/protocol.o
 .text.uart_send_buf
                0x0000000008000f30       0x18 build/protocol.o
 .text.protocol_send_frame
                0x0000000008000f48       0x60 build/protocol.o
 .text.protocol_init
                0x0000000008000fa8       0x1c build/protocol.o
                0x0000000008000fa8                protocol_init
 .text.protocol_send_odom_data
                0x0000000008000fc4       0x3c build/protocol.o
                0x0000000008000fc4                protocol_send_odom_data
 .text.protocol_send_status
                0x0000000008001000       0x24 build/protocol.o
                0x0000000008001000                protocol_send_status
 .text.protocol_send_heartbeat
                0x0000000008001024        0xe build/protocol.o
                0x0000000008001024                protocol_send_heartbeat
 *fill*         0x0000000008001032        0x2 
 .text.protocol_try_parse
                0x0000000008001034       0xf8 build/protocol.o
                0x0000000008001034                protocol_try_parse
 .text.protocol_parse_vel_cmd
                0x000000000800112c       0x14 build/protocol.o
                0x000000000800112c                protocol_parse_vel_cmd
 .text.NMI_Handler
                0x0000000008001140        0x2 build/stm32f10x_it.o
                0x0000000008001140                NMI_Handler
 .text.HardFault_Handler
                0x0000000008001142        0x2 build/stm32f10x_it.o
                0x0000000008001142                HardFault_Handler
 .text.MemManage_Handler
                0x0000000008001144        0x2 build/stm32f10x_it.o
                0x0000000008001144                MemManage_Handler
 .text.BusFault_Handler
                0x0000000008001146        0x2 build/stm32f10x_it.o
                0x0000000008001146                BusFault_Handler
 .text.UsageFault_Handler
                0x0000000008001148        0x2 build/stm32f10x_it.o
                0x0000000008001148                UsageFault_Handler
 .text.SVC_Handler
                0x000000000800114a        0x2 build/stm32f10x_it.o
                0x000000000800114a                SVC_Handler
 .text.DebugMon_Handler
                0x000000000800114c        0x2 build/stm32f10x_it.o
                0x000000000800114c                DebugMon_Handler
 .text.PendSV_Handler
                0x000000000800114e        0x2 build/stm32f10x_it.o
                0x000000000800114e                PendSV_Handler
 .text.SysTick_Handler
                0x0000000008001150        0x2 build/stm32f10x_it.o
                0x0000000008001150                SysTick_Handler
 *fill*         0x0000000008001152        0x2 
 .text.TIM3_IRQHandler
                0x0000000008001154       0x20 build/stm32f10x_it.o
                0x0000000008001154                TIM3_IRQHandler
 .text.USART2_IRQHandler
                0x0000000008001174       0x30 build/stm32f10x_it.o
                0x0000000008001174                USART2_IRQHandler
 .text.SetSysClockTo72
                0x00000000080011a4       0xc4 build/system_stm32f10x.o
 .text.SetSysClock
                0x0000000008001268        0x8 build/system_stm32f10x.o
 .text.SystemInit
                0x0000000008001270       0x50 build/system_stm32f10x.o
                0x0000000008001270                SystemInit
 .text.GPIO_Init
                0x00000000080012c0       0xb2 build/stm32f10x_gpio.o
                0x00000000080012c0                GPIO_Init
 .text.GPIO_SetBits
                0x0000000008001372        0x4 build/stm32f10x_gpio.o
                0x0000000008001372                GPIO_SetBits
 .text.GPIO_ResetBits
                0x0000000008001376        0x4 build/stm32f10x_gpio.o
                0x0000000008001376                GPIO_ResetBits
 *fill*         0x000000000800137a        0x2 
 .text.GPIO_PinRemapConfig
                0x000000000800137c       0x7c build/stm32f10x_gpio.o
                0x000000000800137c                GPIO_PinRemapConfig
 .text.RCC_GetClocksFreq
                0x00000000080013f8       0xbc build/stm32f10x_rcc.o
                0x00000000080013f8                RCC_GetClocksFreq
 .text.RCC_APB2PeriphClockCmd
                0x00000000080014b4       0x1c build/stm32f10x_rcc.o
                0x00000000080014b4                RCC_APB2PeriphClockCmd
 .text.RCC_APB1PeriphClockCmd
                0x00000000080014d0       0x1c build/stm32f10x_rcc.o
                0x00000000080014d0                RCC_APB1PeriphClockCmd
 .text.TI1_Config
                0x00000000080014ec       0x88 build/stm32f10x_tim.o
 .text.TI2_Config
                0x0000000008001574       0x94 build/stm32f10x_tim.o
 .text.TI3_Config
                0x0000000008001608       0x84 build/stm32f10x_tim.o
 .text.TI4_Config
                0x000000000800168c       0x98 build/stm32f10x_tim.o
 .text.TIM_TimeBaseInit
                0x0000000008001724       0x94 build/stm32f10x_tim.o
                0x0000000008001724                TIM_TimeBaseInit
 .text.TIM_OC1Init
                0x00000000080017b8       0x8c build/stm32f10x_tim.o
                0x00000000080017b8                TIM_OC1Init
 .text.TIM_OC2Init
                0x0000000008001844       0x98 build/stm32f10x_tim.o
                0x0000000008001844                TIM_OC2Init
 .text.TIM_TimeBaseStructInit
                0x00000000080018dc       0x12 build/stm32f10x_tim.o
                0x00000000080018dc                TIM_TimeBaseStructInit
 .text.TIM_OCStructInit
                0x00000000080018ee       0x14 build/stm32f10x_tim.o
                0x00000000080018ee                TIM_OCStructInit
 .text.TIM_ICStructInit
                0x0000000008001902       0x10 build/stm32f10x_tim.o
                0x0000000008001902                TIM_ICStructInit
 .text.TIM_Cmd  0x0000000008001912       0x1c build/stm32f10x_tim.o
                0x0000000008001912                TIM_Cmd
 .text.TIM_ITConfig
                0x000000000800192e       0x18 build/stm32f10x_tim.o
                0x000000000800192e                TIM_ITConfig
 .text.TIM_EncoderInterfaceConfig
                0x0000000008001946       0x46 build/stm32f10x_tim.o
                0x0000000008001946                TIM_EncoderInterfaceConfig
 .text.TIM_ARRPreloadConfig
                0x000000000800198c       0x1c build/stm32f10x_tim.o
                0x000000000800198c                TIM_ARRPreloadConfig
 .text.TIM_OC1PreloadConfig
                0x00000000080019a8        0xe build/stm32f10x_tim.o
                0x00000000080019a8                TIM_OC1PreloadConfig
 .text.TIM_OC2PreloadConfig
                0x00000000080019b6       0x12 build/stm32f10x_tim.o
                0x00000000080019b6                TIM_OC2PreloadConfig
 .text.TIM_SetCompare1
                0x00000000080019c8        0x4 build/stm32f10x_tim.o
                0x00000000080019c8                TIM_SetCompare1
 .text.TIM_SetCompare2
                0x00000000080019cc        0x4 build/stm32f10x_tim.o
                0x00000000080019cc                TIM_SetCompare2
 .text.TIM_SetIC1Prescaler
                0x00000000080019d0       0x16 build/stm32f10x_tim.o
                0x00000000080019d0                TIM_SetIC1Prescaler
 .text.TIM_SetIC2Prescaler
                0x00000000080019e6       0x1a build/stm32f10x_tim.o
                0x00000000080019e6                TIM_SetIC2Prescaler
 .text.TIM_SetIC3Prescaler
                0x0000000008001a00       0x16 build/stm32f10x_tim.o
                0x0000000008001a00                TIM_SetIC3Prescaler
 .text.TIM_SetIC4Prescaler
                0x0000000008001a16       0x1a build/stm32f10x_tim.o
                0x0000000008001a16                TIM_SetIC4Prescaler
 .text.TIM_ICInit
                0x0000000008001a30       0x62 build/stm32f10x_tim.o
                0x0000000008001a30                TIM_ICInit
 .text.TIM_GetCounter
                0x0000000008001a92        0x6 build/stm32f10x_tim.o
                0x0000000008001a92                TIM_GetCounter
 .text.TIM_GetITStatus
                0x0000000008001a98       0x18 build/stm32f10x_tim.o
                0x0000000008001a98                TIM_GetITStatus
 .text.TIM_ClearITPendingBit
                0x0000000008001ab0        0x8 build/stm32f10x_tim.o
                0x0000000008001ab0                TIM_ClearITPendingBit
 .text.USART_Init
                0x0000000008001ab8       0xc4 build/stm32f10x_usart.o
                0x0000000008001ab8                USART_Init
 .text.USART_Cmd
                0x0000000008001b7c       0x1c build/stm32f10x_usart.o
                0x0000000008001b7c                USART_Cmd
 .text.USART_ITConfig
                0x0000000008001b98       0x36 build/stm32f10x_usart.o
                0x0000000008001b98                USART_ITConfig
 .text.USART_SendData
                0x0000000008001bce        0x8 build/stm32f10x_usart.o
                0x0000000008001bce                USART_SendData
 .text.USART_ReceiveData
                0x0000000008001bd6        0x8 build/stm32f10x_usart.o
                0x0000000008001bd6                USART_ReceiveData
 .text.USART_GetFlagStatus
                0x0000000008001bde        0xe build/stm32f10x_usart.o
                0x0000000008001bde                USART_GetFlagStatus
 .text.USART_GetITStatus
                0x0000000008001bec       0x4a build/stm32f10x_usart.o
                0x0000000008001bec                USART_GetITStatus
 .text.USART_ClearITPendingBit
                0x0000000008001c36       0x10 build/stm32f10x_usart.o
                0x0000000008001c36                USART_ClearITPendingBit
 *fill*         0x0000000008001c46        0x2 
 .text.NVIC_Init
                0x0000000008001c48       0x64 build/misc.o
                0x0000000008001c48                NVIC_Init
 .text.SysTick_CLKSourceConfig
                0x0000000008001cac       0x20 build/misc.o
                0x0000000008001cac                SysTick_CLKSourceConfig
 .text.Reset_Handler
                0x0000000008001ccc       0x44 build/startup_stm32f10x_md.o
                0x0000000008001ccc                Reset_Handler
 .text.Default_Handler
                0x0000000008001d10        0x2 build/startup_stm32f10x_md.o
                0x0000000008001d10                EXTI2_IRQHandler
                0x0000000008001d10                TIM1_CC_IRQHandler
                0x0000000008001d10                PVD_IRQHandler
                0x0000000008001d10                EXTI3_IRQHandler
                0x0000000008001d10                EXTI0_IRQHandler
                0x0000000008001d10                I2C2_EV_IRQHandler
                0x0000000008001d10                ADC1_2_IRQHandler
                0x0000000008001d10                SPI1_IRQHandler
                0x0000000008001d10                TAMPER_IRQHandler
                0x0000000008001d10                DMA1_Channel4_IRQHandler
                0x0000000008001d10                USART3_IRQHandler
                0x0000000008001d10                RTC_IRQHandler
                0x0000000008001d10                DMA1_Channel7_IRQHandler
                0x0000000008001d10                CAN1_RX1_IRQHandler
                0x0000000008001d10                TIM4_IRQHandler
                0x0000000008001d10                I2C1_EV_IRQHandler
                0x0000000008001d10                DMA1_Channel6_IRQHandler
                0x0000000008001d10                RCC_IRQHandler
                0x0000000008001d10                TIM1_TRG_COM_IRQHandler
                0x0000000008001d10                DMA1_Channel1_IRQHandler
                0x0000000008001d10                Default_Handler
                0x0000000008001d10                EXTI15_10_IRQHandler
                0x0000000008001d10                EXTI9_5_IRQHandler
                0x0000000008001d10                SPI2_IRQHandler
                0x0000000008001d10                DMA1_Channel5_IRQHandler
                0x0000000008001d10                EXTI4_IRQHandler
                0x0000000008001d10                USB_LP_CAN1_RX0_IRQHandler
                0x0000000008001d10                USB_HP_CAN1_TX_IRQHandler
                0x0000000008001d10                DMA1_Channel3_IRQHandler
                0x0000000008001d10                TIM1_UP_IRQHandler
                0x0000000008001d10                WWDG_IRQHandler
                0x0000000008001d10                TIM2_IRQHandler
                0x0000000008001d10                TIM1_BRK_IRQHandler
                0x0000000008001d10                EXTI1_IRQHandler
                0x0000000008001d10                RTCAlarm_IRQHandler
                0x0000000008001d10                I2C2_ER_IRQHandler
                0x0000000008001d10                DMA1_Channel2_IRQHandler
                0x0000000008001d10                CAN1_SCE_IRQHandler
                0x0000000008001d10                FLASH_IRQHandler
                0x0000000008001d10                USART1_IRQHandler
                0x0000000008001d10                I2C1_ER_IRQHandler
                0x0000000008001d10                USBWakeUp_IRQHandler
 *(.glue_7)
 .glue_7        0x0000000008001d12        0x0 linker stubs
 *(.glue_7t)
 .glue_7t       0x0000000008001d12        0x0 linker stubs
 *(.eh_frame)
 *(.init)
 *fill*         0x0000000008001d12        0x2 
 .init          0x0000000008001d14        0x4 /usr/lib/gcc/arm-none-eabi/10.3.1/thumb/v7-m/nofp/crti.o
                0x0000000008001d14                _init
 .init          0x0000000008001d18        0x8 /usr/lib/gcc/arm-none-eabi/10.3.1/thumb/v7-m/nofp/crtn.o
 *(.fini)
 .fini          0x0000000008001d20        0x4 /usr/lib/gcc/arm-none-eabi/10.3.1/thumb/v7-m/nofp/crti.o
                0x0000000008001d20                _fini
 .fini          0x0000000008001d24        0x8 /usr/lib/gcc/arm-none-eabi/10.3.1/thumb/v7-m/nofp/crtn.o
                0x0000000008001d2c                . = ALIGN (0x4)
                0x0000000008001d2c                _etext = .

.vfp11_veneer   0x0000000008001d2c        0x0
 .vfp11_veneer  0x0000000008001d2c        0x0 linker stubs

.v4_bx          0x0000000008001d2c        0x0
 .v4_bx         0x0000000008001d2c        0x0 linker stubs

.iplt           0x0000000008001d2c        0x0
 .iplt          0x0000000008001d2c        0x0 build/main.o

.rel.dyn        0x0000000008001d2c        0x0
 .rel.iplt      0x0000000008001d2c        0x0 build/main.o

.rodata         0x0000000008001d2c        0x0
                0x0000000008001d2c                . = ALIGN (0x4)
 *(.rodata)
 *(.rodata*)
                0x0000000008001d2c                . = ALIGN (0x4)

.ARM.extab
 *(.ARM.extab* .gnu.linkonce.armextab.*)

.ARM.exidx      0x0000000008001d2c        0x0
                0x0000000008001d2c                __exidx_start = .
 *(.ARM.exidx*)
                0x0000000008001d2c                __exidx_end = .
                0x0000000008001d2c                _sidata = LOADADDR (.data)

.data           0x0000000020000000       0x14 load address 0x0000000008001d2c
                0x0000000020000000                . = ALIGN (0x4)
                0x0000000020000000                _sdata = .
 *(.data)
 *(.data*)
 .data.ADCPrescTable
                0x0000000020000000        0x4 build/stm32f10x_rcc.o
 .data.APBAHBPrescTable
                0x0000000020000004       0x10 build/stm32f10x_rcc.o
                0x0000000020000014                . = ALIGN (0x4)
                0x0000000020000014                _edata = .

.igot.plt       0x0000000020000014        0x0 load address 0x0000000008001d40
 .igot.plt      0x0000000020000014        0x0 build/main.o

.bss            0x0000000020000014      0x348 load address 0x0000000008001d40
                0x0000000020000014                . = ALIGN (0x4)
                0x0000000020000014                _sbss = .
 *(.bss)
 *(.bss*)
 .bss.g_delay_inited
                0x0000000020000014        0x1 build/bsp_delay.o
 *fill*         0x0000000020000015        0x3 
 .bss.g_total_us
                0x0000000020000018        0x4 build/bsp_delay.o
 .bss.rx_buf    0x000000002000001c      0x100 build/bsp_usart.o
 .bss.rx_head   0x000000002000011c        0x4 build/bsp_usart.o
 .bss.rx_tail   0x0000000020000120        0x4 build/bsp_usart.o
 .bss.g_first_sample
                0x0000000020000124        0x1 build/encoder.o
 *fill*         0x0000000020000125        0x1 
 .bss.g_left_last_cnt
                0x0000000020000126        0x2 build/encoder.o
 .bss.g_left_speed
                0x0000000020000128        0x4 build/encoder.o
 .bss.g_left_total
                0x000000002000012c        0x4 build/encoder.o
 .bss.g_right_last_cnt
                0x0000000020000130        0x2 build/encoder.o
 *fill*         0x0000000020000132        0x2 
 .bss.g_right_speed
                0x0000000020000134        0x4 build/encoder.o
 .bss.g_right_total
                0x0000000020000138        0x4 build/encoder.o
 .bss.rx_buf    0x000000002000013c      0x108 build/protocol.o
 .bss.rx_pos    0x0000000020000244        0x4 build/protocol.o
 .bss.rx_state  0x0000000020000248        0x4 build/protocol.o
 .bss.rx_total  0x000000002000024c        0x4 build/protocol.o
 .bss.tx_buf    0x0000000020000250      0x108 build/protocol.o
 .bss.tx_seq    0x0000000020000358        0x1 build/protocol.o
 *(COMMON)
                0x000000002000035c                . = ALIGN (0x4)
 *fill*         0x0000000020000359        0x3 
                0x000000002000035c                _ebss = .

._user_heap_stack
                0x000000002000035c      0x604 load address 0x0000000008001d40
                0x0000000020000360                . = ALIGN (0x8)
 *fill*         0x000000002000035c        0x4 
                [!provide]                        PROVIDE (end = .)
                [!provide]                        PROVIDE (_end = .)
                0x0000000020000560                . = (. + _Min_Heap_Size)
 *fill*         0x0000000020000360      0x200 
                0x0000000020000960                . = (. + _Min_Stack_Size)
 *fill*         0x0000000020000560      0x400 
                0x0000000020000960                . = ALIGN (0x8)

/DISCARD/
 *(.note.GNU-stack)
OUTPUT(build/app.elf elf32-littlearm)
LOAD linker stubs

.ARM.attributes
                0x0000000000000000       0x29
 .ARM.attributes
                0x0000000000000000       0x1d /usr/lib/gcc/arm-none-eabi/10.3.1/thumb/v7-m/nofp/crti.o
 .ARM.attributes
                0x000000000000001d       0x2d build/main.o
 .ARM.attributes
                0x000000000000004a       0x2d build/motor.o
 .ARM.attributes
                0x0000000000000077       0x2d build/bsp_delay.o
 .ARM.attributes
                0x00000000000000a4       0x2d build/bsp_usart.o
 .ARM.attributes
                0x00000000000000d1       0x2d build/encoder.o
 .ARM.attributes
                0x00000000000000fe       0x2d build/protocol.o
 .ARM.attributes
                0x000000000000012b       0x2d build/stm32f10x_it.o
 .ARM.attributes
                0x0000000000000158       0x2d build/system_stm32f10x.o
 .ARM.attributes
                0x0000000000000185       0x2d build/stm32f10x_gpio.o
 .ARM.attributes
                0x00000000000001b2       0x2d build/stm32f10x_rcc.o
 .ARM.attributes
                0x00000000000001df       0x2d build/stm32f10x_tim.o
 .ARM.attributes
                0x000000000000020c       0x2d build/stm32f10x_usart.o
 .ARM.attributes
                0x0000000000000239       0x2d build/misc.o
 .ARM.attributes
                0x0000000000000266       0x21 build/startup_stm32f10x_md.o
 .ARM.attributes
                0x0000000000000287       0x1d /usr/lib/gcc/arm-none-eabi/10.3.1/thumb/v7-m/nofp/libgcc.a(_arm_mulsf3.o)
 .ARM.attributes
                0x00000000000002a4       0x1d /usr/lib/gcc/arm-none-eabi/10.3.1/thumb/v7-m/nofp/libgcc.a(_arm_addsubsf3.o)
 .ARM.attributes
                0x00000000000002c1       0x1d /usr/lib/gcc/arm-none-eabi/10.3.1/thumb/v7-m/nofp/libgcc.a(_arm_cmpsf2.o)
 .ARM.attributes
                0x00000000000002de       0x1d /usr/lib/gcc/arm-none-eabi/10.3.1/thumb/v7-m/nofp/libgcc.a(_arm_fixsfsi.o)
 .ARM.attributes
                0x00000000000002fb       0x1b /usr/lib/gcc/arm-none-eabi/10.3.1/../../../arm-none-eabi/lib/thumb/v7-m/nofp/libc_nano.a(lib_a-memcpy.o)
 .ARM.attributes
                0x0000000000000316       0x1d /usr/lib/gcc/arm-none-eabi/10.3.1/thumb/v7-m/nofp/crtn.o

.comment        0x0000000000000000       0x33
 .comment       0x0000000000000000       0x33 build/main.o
                                         0x34 (size before relaxing)
 .comment       0x0000000000000033       0x34 build/motor.o
 .comment       0x0000000000000033       0x34 build/bsp_delay.o
 .comment       0x0000000000000033       0x34 build/bsp_usart.o
 .comment       0x0000000000000033       0x34 build/encoder.o
 .comment       0x0000000000000033       0x34 build/protocol.o
 .comment       0x0000000000000033       0x34 build/stm32f10x_it.o
 .comment       0x0000000000000033       0x34 build/system_stm32f10x.o
 .comment       0x0000000000000033       0x34 build/stm32f10x_gpio.o
 .comment       0x0000000000000033       0x34 build/stm32f10x_rcc.o
 .comment       0x0000000000000033       0x34 build/stm32f10x_tim.o
 .comment       0x0000000000000033       0x34 build/stm32f10x_usart.o
 .comment       0x0000000000000033       0x34 build/misc.o

.debug_info     0x0000000000000000     0x831a
 .debug_info    0x0000000000000000      0x76e build/main.o
 .debug_info    0x000000000000076e      0xae0 build/motor.o
 .debug_info    0x000000000000124e      0x227 build/bsp_delay.o
 .debug_info    0x0000000000001475      0x7f0 build/bsp_usart.o
 .debug_info    0x0000000000001c65      0xb1b build/encoder.o
 .debug_info    0x0000000000002780      0x851 build/protocol.o
 .debug_info    0x0000000000002fd1      0x5b0 build/stm32f10x_it.o
 .debug_info    0x0000000000003581      0x47c build/system_stm32f10x.o
 .debug_info    0x00000000000039fd      0x8fe build/stm32f10x_gpio.o
 .debug_info    0x00000000000042fb      0x95f build/stm32f10x_rcc.o
 .debug_info    0x0000000000004c5a     0x24e0 build/stm32f10x_tim.o
 .debug_info    0x000000000000713a      0xbe8 build/stm32f10x_usart.o
 .debug_info    0x0000000000007d22      0x518 build/misc.o
 .debug_info    0x000000000000823a       0x22 build/startup_stm32f10x_md.o
 .debug_info    0x000000000000825c       0x26 /usr/lib/gcc/arm-none-eabi/10.3.1/thumb/v7-m/nofp/libgcc.a(_arm_mulsf3.o)
 .debug_info    0x0000000000008282       0x26 /usr/lib/gcc/arm-none-eabi/10.3.1/thumb/v7-m/nofp/libgcc.a(_arm_addsubsf3.o)
 .debug_info    0x00000000000082a8       0x26 /usr/lib/gcc/arm-none-eabi/10.3.1/thumb/v7-m/nofp/libgcc.a(_arm_cmpsf2.o)
 .debug_info    0x00000000000082ce       0x26 /usr/lib/gcc/arm-none-eabi/10.3.1/thumb/v7-m/nofp/libgcc.a(_arm_fixsfsi.o)
 .debug_info    0x00000000000082f4       0x26 /usr/lib/gcc/arm-none-eabi/10.3.1/../../../arm-none-eabi/lib/thumb/v7-m/nofp/libc_nano.a(lib_a-memcpy.o)

.debug_abbrev   0x0000000000000000     0x17e0
 .debug_abbrev  0x0000000000000000      0x192 build/main.o
 .debug_abbrev  0x0000000000000192      0x15e build/motor.o
 .debug_abbrev  0x00000000000002f0      0x14f build/bsp_delay.o
 .debug_abbrev  0x000000000000043f      0x215 build/bsp_usart.o
 .debug_abbrev  0x0000000000000654      0x197 build/encoder.o
 .debug_abbrev  0x00000000000007eb      0x2c5 build/protocol.o
 .debug_abbrev  0x0000000000000ab0      0x152 build/stm32f10x_it.o
 .debug_abbrev  0x0000000000000c02      0x1bb build/system_stm32f10x.o
 .debug_abbrev  0x0000000000000dbd      0x223 build/stm32f10x_gpio.o
 .debug_abbrev  0x0000000000000fe0      0x207 build/stm32f10x_rcc.o
 .debug_abbrev  0x00000000000011e7      0x209 build/stm32f10x_tim.o
 .debug_abbrev  0x00000000000013f0      0x1df build/stm32f10x_usart.o
 .debug_abbrev  0x00000000000015cf      0x19b build/misc.o
 .debug_abbrev  0x000000000000176a       0x12 build/startup_stm32f10x_md.o
 .debug_abbrev  0x000000000000177c       0x14 /usr/lib/gcc/arm-none-eabi/10.3.1/thumb/v7-m/nofp/libgcc.a(_arm_mulsf3.o)
 .debug_abbrev  0x0000000000001790       0x14 /usr/lib/gcc/arm-none-eabi/10.3.1/thumb/v7-m/nofp/libgcc.a(_arm_addsubsf3.o)
 .debug_abbrev  0x00000000000017a4       0x14 /usr/lib/gcc/arm-none-eabi/10.3.1/thumb/v7-m/nofp/libgcc.a(_arm_cmpsf2.o)
 .debug_abbrev  0x00000000000017b8       0x14 /usr/lib/gcc/arm-none-eabi/10.3.1/thumb/v7-m/nofp/libgcc.a(_arm_fixsfsi.o)
 .debug_abbrev  0x00000000000017cc       0x14 /usr/lib/gcc/arm-none-eabi/10.3.1/../../../arm-none-eabi/lib/thumb/v7-m/nofp/libc_nano.a(lib_a-memcpy.o)

.debug_loc      0x0000000000000000     0x3f97
 .debug_loc     0x0000000000000000      0x501 build/main.o
 .debug_loc     0x0000000000000501       0xc7 build/motor.o
 .debug_loc     0x00000000000005c8       0xd8 build/bsp_delay.o
 .debug_loc     0x00000000000006a0      0x142 build/bsp_usart.o
 .debug_loc     0x00000000000007e2       0x90 build/encoder.o
 .debug_loc     0x0000000000000872      0x5c5 build/protocol.o
 .debug_loc     0x0000000000000e37       0x15 build/stm32f10x_it.o
 .debug_loc     0x0000000000000e4c       0xff build/system_stm32f10x.o
 .debug_loc     0x0000000000000f4b      0x62c build/stm32f10x_gpio.o
 .debug_loc     0x0000000000001577      0x654 build/stm32f10x_rcc.o
 .debug_loc     0x0000000000001bcb     0x1a55 build/stm32f10x_tim.o
 .debug_loc     0x0000000000003620      0x80c build/stm32f10x_usart.o
 .debug_loc     0x0000000000003e2c      0x16b build/misc.o

.debug_aranges  0x0000000000000000      0x8f8
 .debug_aranges
                0x0000000000000000       0x30 build/main.o
 .debug_aranges
                0x0000000000000030       0x30 build/motor.o
 .debug_aranges
                0x0000000000000060       0x40 build/bsp_delay.o
 .debug_aranges
                0x00000000000000a0       0x40 build/bsp_usart.o
 .debug_aranges
                0x00000000000000e0       0x48 build/encoder.o
 .debug_aranges
                0x0000000000000128       0x70 build/protocol.o
 .debug_aranges
                0x0000000000000198       0x70 build/stm32f10x_it.o
 .debug_aranges
                0x0000000000000208       0x38 build/system_stm32f10x.o
 .debug_aranges
                0x0000000000000240       0xa8 build/stm32f10x_gpio.o
 .debug_aranges
                0x00000000000002e8      0x118 build/stm32f10x_rcc.o
 .debug_aranges
                0x0000000000000400      0x2f0 build/stm32f10x_tim.o
 .debug_aranges
                0x00000000000006f0      0x100 build/stm32f10x_usart.o
 .debug_aranges
                0x00000000000007f0       0x40 build/misc.o
 .debug_aranges
                0x0000000000000830       0x28 build/startup_stm32f10x_md.o
 .debug_aranges
                0x0000000000000858       0x20 /usr/lib/gcc/arm-none-eabi/10.3.1/thumb/v7-m/nofp/libgcc.a(_arm_mulsf3.o)
 .debug_aranges
                0x0000000000000878       0x20 /usr/lib/gcc/arm-none-eabi/10.3.1/thumb/v7-m/nofp/libgcc.a(_arm_addsubsf3.o)
 .debug_aranges
                0x0000000000000898       0x20 /usr/lib/gcc/arm-none-eabi/10.3.1/thumb/v7-m/nofp/libgcc.a(_arm_cmpsf2.o)
 .debug_aranges
                0x00000000000008b8       0x20 /usr/lib/gcc/arm-none-eabi/10.3.1/thumb/v7-m/nofp/libgcc.a(_arm_fixsfsi.o)
 .debug_aranges
                0x00000000000008d8       0x20 /usr/lib/gcc/arm-none-eabi/10.3.1/../../../arm-none-eabi/lib/thumb/v7-m/nofp/libc_nano.a(lib_a-memcpy.o)

.debug_ranges   0x0000000000000000      0x7b8
 .debug_ranges  0x0000000000000000       0x58 build/main.o
 .debug_ranges  0x0000000000000058       0x20 build/motor.o
 .debug_ranges  0x0000000000000078       0x30 build/bsp_delay.o
 .debug_ranges  0x00000000000000a8       0x30 build/bsp_usart.o
 .debug_ranges  0x00000000000000d8       0x38 build/encoder.o
 .debug_ranges  0x0000000000000110       0x60 build/protocol.o
 .debug_ranges  0x0000000000000170       0x60 build/stm32f10x_it.o
 .debug_ranges  0x00000000000001d0       0x28 build/system_stm32f10x.o
 .debug_ranges  0x00000000000001f8       0x98 build/stm32f10x_gpio.o
 .debug_ranges  0x0000000000000290      0x108 build/stm32f10x_rcc.o
 .debug_ranges  0x0000000000000398      0x2e0 build/stm32f10x_tim.o
 .debug_ranges  0x0000000000000678       0xf0 build/stm32f10x_usart.o
 .debug_ranges  0x0000000000000768       0x30 build/misc.o
 .debug_ranges  0x0000000000000798       0x20 build/startup_stm32f10x_md.o

.debug_macro    0x0000000000000000     0xcd8f
 .debug_macro   0x0000000000000000       0xfb build/main.o
 .debug_macro   0x00000000000000fb      0xa6c build/main.o
 .debug_macro   0x0000000000000b67       0x5c build/main.o
 .debug_macro   0x0000000000000bc3       0x22 build/main.o
 .debug_macro   0x0000000000000be5      0x34e build/main.o
 .debug_macro   0x0000000000000f33      0x69f build/main.o
 .debug_macro   0x00000000000015d2     0x7eb3 build/main.o
 .debug_macro   0x0000000000009485      0x2a5 build/main.o
 .debug_macro   0x000000000000972a      0x3e2 build/main.o
 .debug_macro   0x0000000000009b0c      0x711 build/main.o
 .debug_macro   0x000000000000a21d      0x226 build/main.o
 .debug_macro   0x000000000000a443       0x8a build/main.o
 .debug_macro   0x000000000000a4cd       0x35 build/main.o
 .debug_macro   0x000000000000a502       0x10 build/main.o
 .debug_macro   0x000000000000a512       0x46 build/main.o
 .debug_macro   0x000000000000a558       0xee build/motor.o
 .debug_macro   0x000000000000a646      0x6bd build/motor.o
 .debug_macro   0x000000000000ad03       0x94 build/bsp_delay.o
 .debug_macro   0x000000000000ad97       0x9a build/bsp_usart.o
 .debug_macro   0x000000000000ae31       0x94 build/encoder.o
 .debug_macro   0x000000000000aec5      0x17a build/protocol.o
 .debug_macro   0x000000000000b03f       0x40 build/protocol.o
 .debug_macro   0x000000000000b07f       0x22 build/protocol.o
 .debug_macro   0x000000000000b0a1       0x52 build/protocol.o
 .debug_macro   0x000000000000b0f3       0x18 build/protocol.o
 .debug_macro   0x000000000000b10b       0x5c build/protocol.o
 .debug_macro   0x000000000000b167       0x35 build/protocol.o
 .debug_macro   0x000000000000b19c       0x34 build/protocol.o
 .debug_macro   0x000000000000b1d0      0x174 build/protocol.o
 .debug_macro   0x000000000000b344       0x16 build/protocol.o
 .debug_macro   0x000000000000b35a       0x43 build/protocol.o
 .debug_macro   0x000000000000b39d       0x57 build/protocol.o
 .debug_macro   0x000000000000b3f4       0x34 build/protocol.o
 .debug_macro   0x000000000000b428       0x10 build/protocol.o
 .debug_macro   0x000000000000b438       0x52 build/protocol.o
 .debug_macro   0x000000000000b48a      0x182 build/protocol.o
 .debug_macro   0x000000000000b60c      0x333 build/protocol.o
 .debug_macro   0x000000000000b93f       0x10 build/protocol.o
 .debug_macro   0x000000000000b94f       0x35 build/protocol.o
 .debug_macro   0x000000000000b984       0xac build/stm32f10x_it.o
 .debug_macro   0x000000000000ba30       0x9b build/system_stm32f10x.o
 .debug_macro   0x000000000000bacb       0xe7 build/stm32f10x_gpio.o
 .debug_macro   0x000000000000bbb2      0x3dc build/stm32f10x_gpio.o
 .debug_macro   0x000000000000bf8e      0x1b5 build/stm32f10x_rcc.o
 .debug_macro   0x000000000000c143       0xb1 build/stm32f10x_tim.o
 .debug_macro   0x000000000000c1f4      0x70b build/stm32f10x_tim.o
 .debug_macro   0x000000000000c8ff      0x14d build/stm32f10x_usart.o
 .debug_macro   0x000000000000ca4c      0x220 build/stm32f10x_usart.o
 .debug_macro   0x000000000000cc6c       0x9f build/misc.o
 .debug_macro   0x000000000000cd0b       0x84 build/misc.o

.debug_line     0x0000000000000000     0x5797
 .debug_line    0x0000000000000000      0x41c build/main.o
 .debug_line    0x000000000000041c      0x2fa build/motor.o
 .debug_line    0x0000000000000716      0x2a8 build/bsp_delay.o
 .debug_line    0x00000000000009be      0x352 build/bsp_usart.o
 .debug_line    0x0000000000000d10      0x398 build/encoder.o
 .debug_line    0x00000000000010a8      0x66d build/protocol.o
 .debug_line    0x0000000000001715      0x2ec build/stm32f10x_it.o
 .debug_line    0x0000000000001a01      0x3f2 build/system_stm32f10x.o
 .debug_line    0x0000000000001df3      0x6e0 build/stm32f10x_gpio.o
 .debug_line    0x00000000000024d3      0x8a2 build/stm32f10x_rcc.o
 .debug_line    0x0000000000002d75     0x1a48 build/stm32f10x_tim.o
 .debug_line    0x00000000000047bd      0x8b6 build/stm32f10x_usart.o
 .debug_line    0x0000000000005073      0x2d1 build/misc.o
 .debug_line    0x0000000000005344       0x7a build/startup_stm32f10x_md.o
 .debug_line    0x00000000000053be       0xd4 /usr/lib/gcc/arm-none-eabi/10.3.1/thumb/v7-m/nofp/libgcc.a(_arm_mulsf3.o)
 .debug_line    0x0000000000005492      0x11a /usr/lib/gcc/arm-none-eabi/10.3.1/thumb/v7-m/nofp/libgcc.a(_arm_addsubsf3.o)
 .debug_line    0x00000000000055ac       0xb1 /usr/lib/gcc/arm-none-eabi/10.3.1/thumb/v7-m/nofp/libgcc.a(_arm_cmpsf2.o)
 .debug_line    0x000000000000565d       0x79 /usr/lib/gcc/arm-none-eabi/10.3.1/thumb/v7-m/nofp/libgcc.a(_arm_fixsfsi.o)
 .debug_line    0x00000000000056d6       0xc1 /usr/lib/gcc/arm-none-eabi/10.3.1/../../../arm-none-eabi/lib/thumb/v7-m/nofp/libc_nano.a(lib_a-memcpy.o)

.debug_str      0x0000000000000000    0x41d51
 .debug_str     0x0000000000000000    0x3bf80 build/main.o
                                      0x3c129 (size before relaxing)
 .debug_str     0x000000000003bf80      0x5f3 build/motor.o
                                      0x3c22d (size before relaxing)
 .debug_str     0x000000000003c573       0x89 build/bsp_delay.o
                                      0x3bc82 (size before relaxing)
 .debug_str     0x000000000003c5fc      0x48a build/bsp_usart.o
                                      0x3c243 (size before relaxing)
 .debug_str     0x000000000003ca86      0x161 build/encoder.o
                                      0x3c426 (size before relaxing)
 .debug_str     0x000000000003cbe7     0x2d10 build/protocol.o
                                      0x3ec3c (size before relaxing)
 .debug_str     0x000000000003f8f7      0x139 build/stm32f10x_it.o
                                      0x3be79 (size before relaxing)
 .debug_str     0x000000000003fa30      0x16f build/system_stm32f10x.o
                                      0x3bd4b (size before relaxing)
 .debug_str     0x000000000003fb9f      0x48c build/stm32f10x_gpio.o
                                      0x3c1cf (size before relaxing)
 .debug_str     0x000000000004002b      0xabe build/stm32f10x_rcc.o
                                      0x3c79e (size before relaxing)
 .debug_str     0x0000000000040ae9      0x8c2 build/stm32f10x_tim.o
                                      0x3c8ea (size before relaxing)
 .debug_str     0x00000000000413ab      0x6f5 build/stm32f10x_usart.o
                                      0x3c508 (size before relaxing)
 .debug_str     0x0000000000041aa0      0x139 build/misc.o
                                      0x3be4b (size before relaxing)
 .debug_str     0x0000000000041bd9       0x2b build/startup_stm32f10x_md.o
                                         0x4d (size before relaxing)
 .debug_str     0x0000000000041c04       0xa7 /usr/lib/gcc/arm-none-eabi/10.3.1/thumb/v7-m/nofp/libgcc.a(_arm_mulsf3.o)
 .debug_str     0x0000000000041cab       0xa7 /usr/lib/gcc/arm-none-eabi/10.3.1/thumb/v7-m/nofp/libgcc.a(_arm_addsubsf3.o)
 .debug_str     0x0000000000041cab       0xa7 /usr/lib/gcc/arm-none-eabi/10.3.1/thumb/v7-m/nofp/libgcc.a(_arm_cmpsf2.o)
 .debug_str     0x0000000000041cab       0xa7 /usr/lib/gcc/arm-none-eabi/10.3.1/thumb/v7-m/nofp/libgcc.a(_arm_fixsfsi.o)
 .debug_str     0x0000000000041cab       0xa6 /usr/lib/gcc/arm-none-eabi/10.3.1/../../../arm-none-eabi/lib/thumb/v7-m/nofp/libc_nano.a(lib_a-memcpy.o)
                                         0xb2 (size before relaxing)

.debug_frame    0x0000000000000000     0x12a4
 .debug_frame   0x0000000000000000       0x74 build/main.o
 .debug_frame   0x0000000000000074       0x6c build/motor.o
 .debug_frame   0x00000000000000e0       0x84 build/bsp_delay.o
 .debug_frame   0x0000000000000164       0x8c build/bsp_usart.o
 .debug_frame   0x00000000000001f0       0x94 build/encoder.o
 .debug_frame   0x0000000000000284      0x130 build/protocol.o
 .debug_frame   0x00000000000003b4       0xd0 build/stm32f10x_it.o
 .debug_frame   0x0000000000000484       0x6c build/system_stm32f10x.o
 .debug_frame   0x00000000000004f0      0x160 build/stm32f10x_gpio.o
 .debug_frame   0x0000000000000650      0x228 build/stm32f10x_rcc.o
 .debug_frame   0x0000000000000878      0x66c build/stm32f10x_tim.o
 .debug_frame   0x0000000000000ee4      0x204 build/stm32f10x_usart.o
 .debug_frame   0x00000000000010e8       0x60 build/misc.o
 .debug_frame   0x0000000000001148       0x24 /usr/lib/gcc/arm-none-eabi/10.3.1/thumb/v7-m/nofp/libgcc.a(_arm_mulsf3.o)
 .debug_frame   0x000000000000116c       0x4c /usr/lib/gcc/arm-none-eabi/10.3.1/thumb/v7-m/nofp/libgcc.a(_arm_addsubsf3.o)
 .debug_frame   0x00000000000011b8       0xc8 /usr/lib/gcc/arm-none-eabi/10.3.1/thumb/v7-m/nofp/libgcc.a(_arm_cmpsf2.o)
 .debug_frame   0x0000000000001280       0x24 /usr/lib/gcc/arm-none-eabi/10.3.1/thumb/v7-m/nofp/libgcc.a(_arm_fixsfsi.o)
